Archive member included to satisfy reference by file (symbol)

c:/ti/ccs901/ccs/tools/compiler/gcc-arm-none-eabi-7-2017-q4-major-win32/bin/../lib/gcc/arm-none-eabi/7.2.1/../../../../arm-none-eabi/lib/thumb/v7e-m/fpv4-sp/hard\libc.a(lib_a-exit.o)
                              c:/ti/ccs901/ccs/tools/compiler/gcc-arm-none-eabi-7-2017-q4-major-win32/bin/../lib/gcc/arm-none-eabi/7.2.1/../../../../arm-none-eabi/lib/thumb/v7e-m/fpv4-sp/hard/crt0.o (exit)
c:/ti/ccs901/ccs/tools/compiler/gcc-arm-none-eabi-7-2017-q4-major-win32/bin/../lib/gcc/arm-none-eabi/7.2.1/../../../../arm-none-eabi/lib/thumb/v7e-m/fpv4-sp/hard\libc.a(lib_a-impure.o)
                              c:/ti/ccs901/ccs/tools/compiler/gcc-arm-none-eabi-7-2017-q4-major-win32/bin/../lib/gcc/arm-none-eabi/7.2.1/../../../../arm-none-eabi/lib/thumb/v7e-m/fpv4-sp/hard\libc.a(lib_a-exit.o) (_global_impure_ptr)
c:/ti/ccs901/ccs/tools/compiler/gcc-arm-none-eabi-7-2017-q4-major-win32/bin/../lib/gcc/arm-none-eabi/7.2.1/../../../../arm-none-eabi/lib/thumb/v7e-m/fpv4-sp/hard\libc.a(lib_a-init.o)
                              c:/ti/ccs901/ccs/tools/compiler/gcc-arm-none-eabi-7-2017-q4-major-win32/bin/../lib/gcc/arm-none-eabi/7.2.1/../../../../arm-none-eabi/lib/thumb/v7e-m/fpv4-sp/hard/crt0.o (__libc_init_array)
c:/ti/ccs901/ccs/tools/compiler/gcc-arm-none-eabi-7-2017-q4-major-win32/bin/../lib/gcc/arm-none-eabi/7.2.1/../../../../arm-none-eabi/lib/thumb/v7e-m/fpv4-sp/hard\libc.a(lib_a-memset.o)
                              c:/ti/ccs901/ccs/tools/compiler/gcc-arm-none-eabi-7-2017-q4-major-win32/bin/../lib/gcc/arm-none-eabi/7.2.1/../../../../arm-none-eabi/lib/thumb/v7e-m/fpv4-sp/hard/crt0.o (memset)
c:/ti/ccs901/ccs/tools/compiler/gcc-arm-none-eabi-7-2017-q4-major-win32/bin/../lib/gcc/arm-none-eabi/7.2.1/../../../../arm-none-eabi/lib/thumb/v7e-m/fpv4-sp/hard\libc.a(lib_a-__call_atexit.o)
                              c:/ti/ccs901/ccs/tools/compiler/gcc-arm-none-eabi-7-2017-q4-major-win32/bin/../lib/gcc/arm-none-eabi/7.2.1/../../../../arm-none-eabi/lib/thumb/v7e-m/fpv4-sp/hard\libc.a(lib_a-exit.o) (__call_exitprocs)
c:/ti/ccs901/ccs/tools/compiler/gcc-arm-none-eabi-7-2017-q4-major-win32/bin/../lib/gcc/arm-none-eabi/7.2.1/../../../../arm-none-eabi/lib/thumb/v7e-m/fpv4-sp/hard\libc.a(lib_a-atexit.o)
                              c:/ti/ccs901/ccs/tools/compiler/gcc-arm-none-eabi-7-2017-q4-major-win32/bin/../lib/gcc/arm-none-eabi/7.2.1/../../../../arm-none-eabi/lib/thumb/v7e-m/fpv4-sp/hard\libc.a(lib_a-__call_atexit.o) (atexit)
c:/ti/ccs901/ccs/tools/compiler/gcc-arm-none-eabi-7-2017-q4-major-win32/bin/../lib/gcc/arm-none-eabi/7.2.1/../../../../arm-none-eabi/lib/thumb/v7e-m/fpv4-sp/hard\libc.a(lib_a-fini.o)
                              c:/ti/ccs901/ccs/tools/compiler/gcc-arm-none-eabi-7-2017-q4-major-win32/bin/../lib/gcc/arm-none-eabi/7.2.1/../../../../arm-none-eabi/lib/thumb/v7e-m/fpv4-sp/hard\libc.a(lib_a-__call_atexit.o) (__libc_fini_array)
c:/ti/ccs901/ccs/tools/compiler/gcc-arm-none-eabi-7-2017-q4-major-win32/bin/../lib/gcc/arm-none-eabi/7.2.1/../../../../arm-none-eabi/lib/thumb/v7e-m/fpv4-sp/hard\libc.a(lib_a-lock.o)
                              c:/ti/ccs901/ccs/tools/compiler/gcc-arm-none-eabi-7-2017-q4-major-win32/bin/../lib/gcc/arm-none-eabi/7.2.1/../../../../arm-none-eabi/lib/thumb/v7e-m/fpv4-sp/hard\libc.a(lib_a-__call_atexit.o) (__retarget_lock_acquire_recursive)
c:/ti/ccs901/ccs/tools/compiler/gcc-arm-none-eabi-7-2017-q4-major-win32/bin/../lib/gcc/arm-none-eabi/7.2.1/../../../../arm-none-eabi/lib/thumb/v7e-m/fpv4-sp/hard\libc.a(lib_a-__atexit.o)
                              c:/ti/ccs901/ccs/tools/compiler/gcc-arm-none-eabi-7-2017-q4-major-win32/bin/../lib/gcc/arm-none-eabi/7.2.1/../../../../arm-none-eabi/lib/thumb/v7e-m/fpv4-sp/hard\libc.a(lib_a-atexit.o) (__register_exitproc)
c:/ti/ccs901/ccs/tools/compiler/gcc-arm-none-eabi-7-2017-q4-major-win32/bin/../lib/gcc/arm-none-eabi/7.2.1/thumb/v7e-m/fpv4-sp/hard\libgcc.a(_arm_addsubdf3.o)
                              ./main.o (__aeabi_dsub)
c:/ti/ccs901/ccs/tools/compiler/gcc-arm-none-eabi-7-2017-q4-major-win32/bin/../lib/gcc/arm-none-eabi/7.2.1/thumb/v7e-m/fpv4-sp/hard\libgcc.a(_arm_muldivdf3.o)
                              ./main.o (__aeabi_dmul)
c:/ti/ccs901/ccs/tools/compiler/gcc-arm-none-eabi-7-2017-q4-major-win32/bin/../lib/gcc/arm-none-eabi/7.2.1/thumb/v7e-m/fpv4-sp/hard\libgcc.a(_arm_cmpdf2.o)
                              ./BME280/BME280_I2C.o (__aeabi_dcmplt)
c:/ti/ccs901/ccs/tools/compiler/gcc-arm-none-eabi-7-2017-q4-major-win32/bin/../lib/gcc/arm-none-eabi/7.2.1/thumb/v7e-m/fpv4-sp/hard\libgcc.a(_arm_fixdfsi.o)
                              ./main.o (__aeabi_d2iz)
c:/ti/ccs901/ccs/tools/compiler/gcc-arm-none-eabi-7-2017-q4-major-win32/bin/../lib/gcc/arm-none-eabi/7.2.1/thumb/v7e-m/fpv4-sp/hard\libgcc.a(_arm_truncdfsf2.o)
                              ./BME280/BME280_I2C.o (__aeabi_d2f)
c:/ti/ccs901/ccs/tools/compiler/gcc-arm-none-eabi-7-2017-q4-major-win32/bin/../lib/gcc/arm-none-eabi/7.2.1/../../../../arm-none-eabi/lib/thumb/v7e-m/fpv4-sp/hard\libnosys.a(_exit.o)
                              c:/ti/ccs901/ccs/tools/compiler/gcc-arm-none-eabi-7-2017-q4-major-win32/bin/../lib/gcc/arm-none-eabi/7.2.1/../../../../arm-none-eabi/lib/thumb/v7e-m/fpv4-sp/hard\libc.a(lib_a-exit.o) (_exit)

Allocating common symbols
Common symbol       size              file

__lock___atexit_recursive_mutex
                    0x1               c:/ti/ccs901/ccs/tools/compiler/gcc-arm-none-eabi-7-2017-q4-major-win32/bin/../lib/gcc/arm-none-eabi/7.2.1/../../../../arm-none-eabi/lib/thumb/v7e-m/fpv4-sp/hard\libc.a(lib_a-lock.o)
tempPrint           0x5               ./main.o
__lock___arc4random_mutex
                    0x1               c:/ti/ccs901/ccs/tools/compiler/gcc-arm-none-eabi-7-2017-q4-major-win32/bin/../lib/gcc/arm-none-eabi/7.2.1/../../../../arm-none-eabi/lib/thumb/v7e-m/fpv4-sp/hard\libc.a(lib_a-lock.o)
cal_data            0x12              ./main.o
systemCtr           0x1               ./main.o
adc_H               0x8               ./main.o
var1                0x8               ./main.o
temperature         0x4               ./main.o
__lock___env_recursive_mutex
                    0x1               c:/ti/ccs901/ccs/tools/compiler/gcc-arm-none-eabi-7-2017-q4-major-win32/bin/../lib/gcc/arm-none-eabi/7.2.1/../../../../arm-none-eabi/lib/thumb/v7e-m/fpv4-sp/hard\libc.a(lib_a-lock.o)
__lock___sinit_recursive_mutex
                    0x1               c:/ti/ccs901/ccs/tools/compiler/gcc-arm-none-eabi-7-2017-q4-major-win32/bin/../lib/gcc/arm-none-eabi/7.2.1/../../../../arm-none-eabi/lib/thumb/v7e-m/fpv4-sp/hard\libc.a(lib_a-lock.o)
__lock___malloc_recursive_mutex
                    0x1               c:/ti/ccs901/ccs/tools/compiler/gcc-arm-none-eabi-7-2017-q4-major-win32/bin/../lib/gcc/arm-none-eabi/7.2.1/../../../../arm-none-eabi/lib/thumb/v7e-m/fpv4-sp/hard\libc.a(lib_a-lock.o)
humidity            0x8               ./main.o
adc_T               0x8               ./main.o
var2                0x8               ./main.o
intpart             0x4               ./main.o
tempcal             0x4               ./main.o
temperatureF        0x4               ./main.o
__lock___at_quick_exit_mutex
                    0x1               c:/ti/ccs901/ccs/tools/compiler/gcc-arm-none-eabi-7-2017-q4-major-win32/bin/../lib/gcc/arm-none-eabi/7.2.1/../../../../arm-none-eabi/lib/thumb/v7e-m/fpv4-sp/hard\libc.a(lib_a-lock.o)
txChar              0x1               ./UART/uart.o
__lock___dd_hash_mutex
                    0x1               c:/ti/ccs901/ccs/tools/compiler/gcc-arm-none-eabi-7-2017-q4-major-win32/bin/../lib/gcc/arm-none-eabi/7.2.1/../../../../arm-none-eabi/lib/thumb/v7e-m/fpv4-sp/hard\libc.a(lib_a-lock.o)
__lock___tz_mutex   0x1               c:/ti/ccs901/ccs/tools/compiler/gcc-arm-none-eabi-7-2017-q4-major-win32/bin/../lib/gcc/arm-none-eabi/7.2.1/../../../../arm-none-eabi/lib/thumb/v7e-m/fpv4-sp/hard\libc.a(lib_a-lock.o)
decpart             0x8               ./main.o
t_fine              0x8               ./main.o
__lock___sfp_recursive_mutex
                    0x1               c:/ti/ccs901/ccs/tools/compiler/gcc-arm-none-eabi-7-2017-q4-major-win32/bin/../lib/gcc/arm-none-eabi/7.2.1/../../../../arm-none-eabi/lib/thumb/v7e-m/fpv4-sp/hard\libc.a(lib_a-lock.o)
tempTemp            0x8               ./main.o

Discarded input sections

 .debug_frame   0x00000000       0x28 c:/ti/ccs901/ccs/tools/compiler/gcc-arm-none-eabi-7-2017-q4-major-win32/bin/../lib/gcc/arm-none-eabi/7.2.1/../../../../arm-none-eabi/lib/thumb/v7e-m/fpv4-sp/hard\libc.a(lib_a-exit.o)
 .ARM.attributes
                0x00000000       0x34 c:/ti/ccs901/ccs/tools/compiler/gcc-arm-none-eabi-7-2017-q4-major-win32/bin/../lib/gcc/arm-none-eabi/7.2.1/../../../../arm-none-eabi/lib/thumb/v7e-m/fpv4-sp/hard\libc.a(lib_a-exit.o)
 .ARM.attributes
                0x00000000       0x34 c:/ti/ccs901/ccs/tools/compiler/gcc-arm-none-eabi-7-2017-q4-major-win32/bin/../lib/gcc/arm-none-eabi/7.2.1/../../../../arm-none-eabi/lib/thumb/v7e-m/fpv4-sp/hard\libc.a(lib_a-impure.o)
 .debug_frame   0x00000000       0x2c c:/ti/ccs901/ccs/tools/compiler/gcc-arm-none-eabi-7-2017-q4-major-win32/bin/../lib/gcc/arm-none-eabi/7.2.1/../../../../arm-none-eabi/lib/thumb/v7e-m/fpv4-sp/hard\libc.a(lib_a-init.o)
 .ARM.attributes
                0x00000000       0x34 c:/ti/ccs901/ccs/tools/compiler/gcc-arm-none-eabi-7-2017-q4-major-win32/bin/../lib/gcc/arm-none-eabi/7.2.1/../../../../arm-none-eabi/lib/thumb/v7e-m/fpv4-sp/hard\libc.a(lib_a-init.o)
 .debug_frame   0x00000000       0x38 c:/ti/ccs901/ccs/tools/compiler/gcc-arm-none-eabi-7-2017-q4-major-win32/bin/../lib/gcc/arm-none-eabi/7.2.1/../../../../arm-none-eabi/lib/thumb/v7e-m/fpv4-sp/hard\libc.a(lib_a-memset.o)
 .ARM.attributes
                0x00000000       0x34 c:/ti/ccs901/ccs/tools/compiler/gcc-arm-none-eabi-7-2017-q4-major-win32/bin/../lib/gcc/arm-none-eabi/7.2.1/../../../../arm-none-eabi/lib/thumb/v7e-m/fpv4-sp/hard\libc.a(lib_a-memset.o)
 .debug_frame   0x00000000       0x5c c:/ti/ccs901/ccs/tools/compiler/gcc-arm-none-eabi-7-2017-q4-major-win32/bin/../lib/gcc/arm-none-eabi/7.2.1/../../../../arm-none-eabi/lib/thumb/v7e-m/fpv4-sp/hard\libc.a(lib_a-__call_atexit.o)
 .ARM.attributes
                0x00000000       0x34 c:/ti/ccs901/ccs/tools/compiler/gcc-arm-none-eabi-7-2017-q4-major-win32/bin/../lib/gcc/arm-none-eabi/7.2.1/../../../../arm-none-eabi/lib/thumb/v7e-m/fpv4-sp/hard\libc.a(lib_a-__call_atexit.o)
 .debug_frame   0x00000000       0x20 c:/ti/ccs901/ccs/tools/compiler/gcc-arm-none-eabi-7-2017-q4-major-win32/bin/../lib/gcc/arm-none-eabi/7.2.1/../../../../arm-none-eabi/lib/thumb/v7e-m/fpv4-sp/hard\libc.a(lib_a-atexit.o)
 .ARM.attributes
                0x00000000       0x34 c:/ti/ccs901/ccs/tools/compiler/gcc-arm-none-eabi-7-2017-q4-major-win32/bin/../lib/gcc/arm-none-eabi/7.2.1/../../../../arm-none-eabi/lib/thumb/v7e-m/fpv4-sp/hard\libc.a(lib_a-atexit.o)
 .debug_frame   0x00000000       0x34 c:/ti/ccs901/ccs/tools/compiler/gcc-arm-none-eabi-7-2017-q4-major-win32/bin/../lib/gcc/arm-none-eabi/7.2.1/../../../../arm-none-eabi/lib/thumb/v7e-m/fpv4-sp/hard\libc.a(lib_a-fini.o)
 .ARM.attributes
                0x00000000       0x34 c:/ti/ccs901/ccs/tools/compiler/gcc-arm-none-eabi-7-2017-q4-major-win32/bin/../lib/gcc/arm-none-eabi/7.2.1/../../../../arm-none-eabi/lib/thumb/v7e-m/fpv4-sp/hard\libc.a(lib_a-fini.o)
 .debug_frame   0x00000000       0xb0 c:/ti/ccs901/ccs/tools/compiler/gcc-arm-none-eabi-7-2017-q4-major-win32/bin/../lib/gcc/arm-none-eabi/7.2.1/../../../../arm-none-eabi/lib/thumb/v7e-m/fpv4-sp/hard\libc.a(lib_a-lock.o)
 .ARM.attributes
                0x00000000       0x34 c:/ti/ccs901/ccs/tools/compiler/gcc-arm-none-eabi-7-2017-q4-major-win32/bin/../lib/gcc/arm-none-eabi/7.2.1/../../../../arm-none-eabi/lib/thumb/v7e-m/fpv4-sp/hard\libc.a(lib_a-lock.o)
 .debug_frame   0x00000000       0x34 c:/ti/ccs901/ccs/tools/compiler/gcc-arm-none-eabi-7-2017-q4-major-win32/bin/../lib/gcc/arm-none-eabi/7.2.1/../../../../arm-none-eabi/lib/thumb/v7e-m/fpv4-sp/hard\libc.a(lib_a-__atexit.o)
 .ARM.attributes
                0x00000000       0x34 c:/ti/ccs901/ccs/tools/compiler/gcc-arm-none-eabi-7-2017-q4-major-win32/bin/../lib/gcc/arm-none-eabi/7.2.1/../../../../arm-none-eabi/lib/thumb/v7e-m/fpv4-sp/hard\libc.a(lib_a-__atexit.o)
 .debug_frame   0x00000000       0xac c:/ti/ccs901/ccs/tools/compiler/gcc-arm-none-eabi-7-2017-q4-major-win32/bin/../lib/gcc/arm-none-eabi/7.2.1/thumb/v7e-m/fpv4-sp/hard\libgcc.a(_arm_addsubdf3.o)
 .ARM.attributes
                0x00000000       0x22 c:/ti/ccs901/ccs/tools/compiler/gcc-arm-none-eabi-7-2017-q4-major-win32/bin/../lib/gcc/arm-none-eabi/7.2.1/thumb/v7e-m/fpv4-sp/hard\libgcc.a(_arm_addsubdf3.o)
 .debug_frame   0x00000000       0x50 c:/ti/ccs901/ccs/tools/compiler/gcc-arm-none-eabi-7-2017-q4-major-win32/bin/../lib/gcc/arm-none-eabi/7.2.1/thumb/v7e-m/fpv4-sp/hard\libgcc.a(_arm_muldivdf3.o)
 .ARM.attributes
                0x00000000       0x22 c:/ti/ccs901/ccs/tools/compiler/gcc-arm-none-eabi-7-2017-q4-major-win32/bin/../lib/gcc/arm-none-eabi/7.2.1/thumb/v7e-m/fpv4-sp/hard\libgcc.a(_arm_muldivdf3.o)
 .debug_frame   0x00000000       0xc4 c:/ti/ccs901/ccs/tools/compiler/gcc-arm-none-eabi-7-2017-q4-major-win32/bin/../lib/gcc/arm-none-eabi/7.2.1/thumb/v7e-m/fpv4-sp/hard\libgcc.a(_arm_cmpdf2.o)
 .ARM.attributes
                0x00000000       0x22 c:/ti/ccs901/ccs/tools/compiler/gcc-arm-none-eabi-7-2017-q4-major-win32/bin/../lib/gcc/arm-none-eabi/7.2.1/thumb/v7e-m/fpv4-sp/hard\libgcc.a(_arm_cmpdf2.o)
 .debug_frame   0x00000000       0x24 c:/ti/ccs901/ccs/tools/compiler/gcc-arm-none-eabi-7-2017-q4-major-win32/bin/../lib/gcc/arm-none-eabi/7.2.1/thumb/v7e-m/fpv4-sp/hard\libgcc.a(_arm_fixdfsi.o)
 .ARM.attributes
                0x00000000       0x22 c:/ti/ccs901/ccs/tools/compiler/gcc-arm-none-eabi-7-2017-q4-major-win32/bin/../lib/gcc/arm-none-eabi/7.2.1/thumb/v7e-m/fpv4-sp/hard\libgcc.a(_arm_fixdfsi.o)
 .debug_frame   0x00000000       0x24 c:/ti/ccs901/ccs/tools/compiler/gcc-arm-none-eabi-7-2017-q4-major-win32/bin/../lib/gcc/arm-none-eabi/7.2.1/thumb/v7e-m/fpv4-sp/hard\libgcc.a(_arm_truncdfsf2.o)
 .ARM.attributes
                0x00000000       0x22 c:/ti/ccs901/ccs/tools/compiler/gcc-arm-none-eabi-7-2017-q4-major-win32/bin/../lib/gcc/arm-none-eabi/7.2.1/thumb/v7e-m/fpv4-sp/hard\libgcc.a(_arm_truncdfsf2.o)

Memory Configuration

Name             Origin             Length             Attributes
ROM              0x00000000         0x00040000         xr
RAM              0x20000000         0x00008000         xrw
*default*        0x00000000         0xffffffff

Linker script and memory map

LOAD c:/ti/ccs901/ccs/tools/compiler/gcc-arm-none-eabi-7-2017-q4-major-win32/bin/../lib/gcc/arm-none-eabi/7.2.1/thumb/v7e-m/fpv4-sp/hard/crti.o
LOAD c:/ti/ccs901/ccs/tools/compiler/gcc-arm-none-eabi-7-2017-q4-major-win32/bin/../lib/gcc/arm-none-eabi/7.2.1/thumb/v7e-m/fpv4-sp/hard/crtbegin.o
LOAD c:/ti/ccs901/ccs/tools/compiler/gcc-arm-none-eabi-7-2017-q4-major-win32/bin/../lib/gcc/arm-none-eabi/7.2.1/../../../../arm-none-eabi/lib/thumb/v7e-m/fpv4-sp/hard/crt0.o
LOAD ./main.o
LOAD ./startup_tm4c_gnu.o
LOAD ./BME280/BME280_I2C.o
LOAD ./BSP/bsp.o
LOAD ./I2C/i2c.o
LOAD ./OLED/SSD1306_I2C_TivaC.o
LOAD ./UART/uart.o
                0x00000200                STACK_SIZE = 0x200
                0x00000000                HEAP_SIZE = 0x0

.isr_vector     0x00000000      0x26c
 *(.isr_vector)
 .isr_vector    0x00000000      0x26c ./startup_tm4c_gnu.o
                0x00000000                g_pfnVectors
                0x0000026c                . = ALIGN (0x4)

.eh_frame       0x0000026c        0x4
 .eh_frame      0x0000026c        0x0 c:/ti/ccs901/ccs/tools/compiler/gcc-arm-none-eabi-7-2017-q4-major-win32/bin/../lib/gcc/arm-none-eabi/7.2.1/thumb/v7e-m/fpv4-sp/hard/crtbegin.o
 .eh_frame      0x0000026c        0x4 c:/ti/ccs901/ccs/tools/compiler/gcc-arm-none-eabi-7-2017-q4-major-win32/bin/../lib/gcc/arm-none-eabi/7.2.1/thumb/v7e-m/fpv4-sp/hard/crtend.o

.ARM.extab      0x00000270        0x0
 .ARM.extab     0x00000270        0x0 c:/ti/ccs901/ccs/tools/compiler/gcc-arm-none-eabi-7-2017-q4-major-win32/bin/../lib/gcc/arm-none-eabi/7.2.1/../../../../arm-none-eabi/lib/thumb/v7e-m/fpv4-sp/hard/crt0.o

.ARM.exidx      0x00000270        0x8
 .ARM.exidx     0x00000270        0x8 c:/ti/ccs901/ccs/tools/compiler/gcc-arm-none-eabi-7-2017-q4-major-win32/bin/../lib/gcc/arm-none-eabi/7.2.1/../../../../arm-none-eabi/lib/thumb/v7e-m/fpv4-sp/hard/crt0.o

.text           0x00000278     0x24ec
                0x00000278                . = ALIGN (0x4)
 *(.text)
 .text          0x00000278        0x0 c:/ti/ccs901/ccs/tools/compiler/gcc-arm-none-eabi-7-2017-q4-major-win32/bin/../lib/gcc/arm-none-eabi/7.2.1/thumb/v7e-m/fpv4-sp/hard/crti.o
 .text          0x00000278       0x40 c:/ti/ccs901/ccs/tools/compiler/gcc-arm-none-eabi-7-2017-q4-major-win32/bin/../lib/gcc/arm-none-eabi/7.2.1/thumb/v7e-m/fpv4-sp/hard/crtbegin.o
 .text          0x000002b8       0x74 c:/ti/ccs901/ccs/tools/compiler/gcc-arm-none-eabi-7-2017-q4-major-win32/bin/../lib/gcc/arm-none-eabi/7.2.1/../../../../arm-none-eabi/lib/thumb/v7e-m/fpv4-sp/hard/crt0.o
                0x000002b8                _start
                0x000002b8                _mainCRTStartup
 .text          0x0000032c        0x0 ./main.o
 .text          0x0000032c        0x0 ./startup_tm4c_gnu.o
 .text          0x0000032c        0x0 ./BME280/BME280_I2C.o
 .text          0x0000032c        0x0 ./BSP/bsp.o
 .text          0x0000032c        0x0 ./I2C/i2c.o
 .text          0x0000032c        0x0 ./OLED/SSD1306_I2C_TivaC.o
 .text          0x0000032c        0x0 ./UART/uart.o
 .text          0x0000032c        0x0 c:/ti/ccs901/ccs/tools/compiler/gcc-arm-none-eabi-7-2017-q4-major-win32/bin/../lib/gcc/arm-none-eabi/7.2.1/../../../../arm-none-eabi/lib/thumb/v7e-m/fpv4-sp/hard\libc.a(lib_a-exit.o)
 .text          0x0000032c        0x0 c:/ti/ccs901/ccs/tools/compiler/gcc-arm-none-eabi-7-2017-q4-major-win32/bin/../lib/gcc/arm-none-eabi/7.2.1/../../../../arm-none-eabi/lib/thumb/v7e-m/fpv4-sp/hard\libc.a(lib_a-impure.o)
 .text          0x0000032c        0x0 c:/ti/ccs901/ccs/tools/compiler/gcc-arm-none-eabi-7-2017-q4-major-win32/bin/../lib/gcc/arm-none-eabi/7.2.1/../../../../arm-none-eabi/lib/thumb/v7e-m/fpv4-sp/hard\libc.a(lib_a-init.o)
 .text          0x0000032c        0x0 c:/ti/ccs901/ccs/tools/compiler/gcc-arm-none-eabi-7-2017-q4-major-win32/bin/../lib/gcc/arm-none-eabi/7.2.1/../../../../arm-none-eabi/lib/thumb/v7e-m/fpv4-sp/hard\libc.a(lib_a-memset.o)
 .text          0x0000032c        0x0 c:/ti/ccs901/ccs/tools/compiler/gcc-arm-none-eabi-7-2017-q4-major-win32/bin/../lib/gcc/arm-none-eabi/7.2.1/../../../../arm-none-eabi/lib/thumb/v7e-m/fpv4-sp/hard\libc.a(lib_a-__call_atexit.o)
 .text          0x0000032c        0x0 c:/ti/ccs901/ccs/tools/compiler/gcc-arm-none-eabi-7-2017-q4-major-win32/bin/../lib/gcc/arm-none-eabi/7.2.1/../../../../arm-none-eabi/lib/thumb/v7e-m/fpv4-sp/hard\libc.a(lib_a-atexit.o)
 .text          0x0000032c        0x0 c:/ti/ccs901/ccs/tools/compiler/gcc-arm-none-eabi-7-2017-q4-major-win32/bin/../lib/gcc/arm-none-eabi/7.2.1/../../../../arm-none-eabi/lib/thumb/v7e-m/fpv4-sp/hard\libc.a(lib_a-fini.o)
 .text          0x0000032c        0x0 c:/ti/ccs901/ccs/tools/compiler/gcc-arm-none-eabi-7-2017-q4-major-win32/bin/../lib/gcc/arm-none-eabi/7.2.1/../../../../arm-none-eabi/lib/thumb/v7e-m/fpv4-sp/hard\libc.a(lib_a-lock.o)
 .text          0x0000032c        0x0 c:/ti/ccs901/ccs/tools/compiler/gcc-arm-none-eabi-7-2017-q4-major-win32/bin/../lib/gcc/arm-none-eabi/7.2.1/../../../../arm-none-eabi/lib/thumb/v7e-m/fpv4-sp/hard\libc.a(lib_a-__atexit.o)
 .text          0x0000032c      0x378 c:/ti/ccs901/ccs/tools/compiler/gcc-arm-none-eabi-7-2017-q4-major-win32/bin/../lib/gcc/arm-none-eabi/7.2.1/thumb/v7e-m/fpv4-sp/hard\libgcc.a(_arm_addsubdf3.o)
                0x0000032c                __aeabi_drsub
                0x00000334                __aeabi_dsub
                0x00000334                __subdf3
                0x00000338                __aeabi_dadd
                0x00000338                __adddf3
                0x000005b0                __floatunsidf
                0x000005b0                __aeabi_ui2d
                0x000005d0                __floatsidf
                0x000005d0                __aeabi_i2d
                0x000005f4                __aeabi_f2d
                0x000005f4                __extendsfdf2
                0x00000638                __floatundidf
                0x00000638                __aeabi_ul2d
                0x00000648                __floatdidf
                0x00000648                __aeabi_l2d
 .text          0x000006a4      0x424 c:/ti/ccs901/ccs/tools/compiler/gcc-arm-none-eabi-7-2017-q4-major-win32/bin/../lib/gcc/arm-none-eabi/7.2.1/thumb/v7e-m/fpv4-sp/hard\libgcc.a(_arm_muldivdf3.o)
                0x000006a4                __aeabi_dmul
                0x000006a4                __muldf3
                0x000008f8                __divdf3
                0x000008f8                __aeabi_ddiv
 .text          0x00000ac8      0x110 c:/ti/ccs901/ccs/tools/compiler/gcc-arm-none-eabi-7-2017-q4-major-win32/bin/../lib/gcc/arm-none-eabi/7.2.1/thumb/v7e-m/fpv4-sp/hard\libgcc.a(_arm_cmpdf2.o)
                0x00000ac8                __gtdf2
                0x00000ac8                __gedf2
                0x00000ad0                __ltdf2
                0x00000ad0                __ledf2
                0x00000ad8                __nedf2
                0x00000ad8                __eqdf2
                0x00000ad8                __cmpdf2
                0x00000b54                __aeabi_cdrcmple
                0x00000b64                __aeabi_cdcmpeq
                0x00000b64                __aeabi_cdcmple
                0x00000b74                __aeabi_dcmpeq
                0x00000b88                __aeabi_dcmplt
                0x00000b9c                __aeabi_dcmple
                0x00000bb0                __aeabi_dcmpge
                0x00000bc4                __aeabi_dcmpgt
 .text          0x00000bd8       0x50 c:/ti/ccs901/ccs/tools/compiler/gcc-arm-none-eabi-7-2017-q4-major-win32/bin/../lib/gcc/arm-none-eabi/7.2.1/thumb/v7e-m/fpv4-sp/hard\libgcc.a(_arm_fixdfsi.o)
                0x00000bd8                __aeabi_d2iz
                0x00000bd8                __fixdfsi
 .text          0x00000c28       0xa0 c:/ti/ccs901/ccs/tools/compiler/gcc-arm-none-eabi-7-2017-q4-major-win32/bin/../lib/gcc/arm-none-eabi/7.2.1/thumb/v7e-m/fpv4-sp/hard\libgcc.a(_arm_truncdfsf2.o)
                0x00000c28                __truncdfsf2
                0x00000c28                __aeabi_d2f
 .text          0x00000cc8        0x0 c:/ti/ccs901/ccs/tools/compiler/gcc-arm-none-eabi-7-2017-q4-major-win32/bin/../lib/gcc/arm-none-eabi/7.2.1/../../../../arm-none-eabi/lib/thumb/v7e-m/fpv4-sp/hard\libnosys.a(_exit.o)
 .text          0x00000cc8        0x0 c:/ti/ccs901/ccs/tools/compiler/gcc-arm-none-eabi-7-2017-q4-major-win32/bin/../lib/gcc/arm-none-eabi/7.2.1/thumb/v7e-m/fpv4-sp/hard/crtend.o
 .text          0x00000cc8        0x0 c:/ti/ccs901/ccs/tools/compiler/gcc-arm-none-eabi-7-2017-q4-major-win32/bin/../lib/gcc/arm-none-eabi/7.2.1/thumb/v7e-m/fpv4-sp/hard/crtn.o
 *(.text*)
 .text.main     0x00000cc8       0x3c ./main.o
                0x00000cc8                main
 .text.parse_Celsius
                0x00000d04      0x18c ./main.o
                0x00000d04                parse_Celsius
 .text.parse_Fahrenheit
                0x00000e90      0x184 ./main.o
                0x00000e90                parse_Fahrenheit
 .text.parse_Humidity
                0x00001014      0x17c ./main.o
                0x00001014                parse_Humidity
 .text.print_Info_On_OLED
                0x00001190       0xd0 ./main.o
                0x00001190                print_Info_On_OLED
 .text.set_OLED_Screen
                0x00001260       0x50 ./main.o
                0x00001260                set_OLED_Screen
 .text.init_Peripherals
                0x000012b0       0x22 ./main.o
                0x000012b0                init_Peripherals
 *fill*         0x000012d2        0x2 
 .text.Reset_Handler
                0x000012d4       0x88 ./startup_tm4c_gnu.o
                0x000012d4                Reset_Handler
 .text.NMI_Handler
                0x0000135c       0x18 ./startup_tm4c_gnu.o
                0x0000135c                NMI_Handler
 .text.MemManage_Handler
                0x00001374       0x1c ./startup_tm4c_gnu.o
                0x00001374                MemManage_Handler
 .text.HardFault_Handler
                0x00001390       0x1c ./startup_tm4c_gnu.o
                0x00001390                HardFault_Handler
 .text.BusFault_Handler
                0x000013ac       0x1c ./startup_tm4c_gnu.o
                0x000013ac                BusFault_Handler
 .text.UsageFault_Handler
                0x000013c8       0x20 ./startup_tm4c_gnu.o
                0x000013c8                UsageFault_Handler
 .text.Default_Handler
                0x000013e8       0x1c ./startup_tm4c_gnu.o
                0x000013e8                uDMAST_IRQHandler
                0x000013e8                GPIOPortP4_IRQHandler
                0x000013e8                PWM1Gen3_IRQHandler
                0x000013e8                WideTimer5B_IRQHandler
                0x000013e8                DebugMon_Handler
                0x000013e8                QEI2_IRQHandler
                0x000013e8                FlashCtrl_IRQHandler
                0x000013e8                GPIOPortP7_IRQHandler
                0x000013e8                Timer0B_IRQHandler
                0x000013e8                I2C0_IRQHandler
                0x000013e8                WideTimer4B_IRQHandler
                0x000013e8                PendSV_Handler
                0x000013e8                I2C1_IRQHandler
                0x000013e8                GPIOPortP5_IRQHandler
                0x000013e8                PWMGen0_IRQHandler
                0x000013e8                UART1_IRQHandler
                0x000013e8                CAN1_IRQHandler
                0x000013e8                Timer1B_IRQHandler
                0x000013e8                Watchdog_IRQHandler
                0x000013e8                GPIOPortS_IRQHandler
                0x000013e8                GPIOPortQ7_IRQHandler
                0x000013e8                PWM1Gen2_IRQHandler
                0x000013e8                UART0_IRQHandler
                0x000013e8                GPIOPortL_IRQHandler
                0x000013e8                SSI0_IRQHandler
                0x000013e8                GPIOPortM_IRQHandler
                0x000013e8                FPU_IRQHandler
                0x000013e8                ADCSeq1_IRQHandler
                0x000013e8                GPIOPortP0_IRQHandler
                0x000013e8                WideTimer0B_IRQHandler
                0x000013e8                PWMFault_IRQHandler
                0x000013e8                WideTimer1A_IRQHandler
                0x000013e8                I2C5_IRQHandler
                0x000013e8                I2C4_IRQHandler
                0x000013e8                GPIOPortQ5_IRQHandler
                0x000013e8                PWMGen1_IRQHandler
                0x000013e8                SSI1_IRQHandler
                0x000013e8                I2C2_IRQHandler
                0x000013e8                UART5_IRQHandler
                0x000013e8                GPIOPortC_IRQHandler
                0x000013e8                GPIOPortK_IRQHandler
                0x000013e8                ADCSeq2_IRQHandler
                0x000013e8                PWMGen2_IRQHandler
                0x000013e8                UART2_IRQHandler
                0x000013e8                GPIOPortP3_IRQHandler
                0x000013e8                ADC1Seq0_IRQHandler
                0x000013e8                UART4_IRQHandler
                0x000013e8                GPIOPortJ_IRQHandler
                0x000013e8                Default_Handler
                0x000013e8                WideTimer0A_IRQHandler
                0x000013e8                Timer5A_IRQHandler
                0x000013e8                WideTimer3B_IRQHandler
                0x000013e8                WideTimer2B_IRQHandler
                0x000013e8                WideTimer5A_IRQHandler
                0x000013e8                Timer4A_IRQHandler
                0x000013e8                QEI1_IRQHandler
                0x000013e8                PWM1Fault_IRQHandler
                0x000013e8                GPIOPortP6_IRQHandler
                0x000013e8                QEI0_IRQHandler
                0x000013e8                ADC1Seq2_IRQHandler
                0x000013e8                ADC1Seq1_IRQHandler
                0x000013e8                PWMGen3_IRQHandler
                0x000013e8                GPIOPortD_IRQHandler
                0x000013e8                USB0_IRQHandler
                0x000013e8                I2C3_IRQHandler
                0x000013e8                SVC_Handler
                0x000013e8                GPIOPortP2_IRQHandler
                0x000013e8                GPIOPortQ4_IRQHandler
                0x000013e8                Timer3B_IRQHandler
                0x000013e8                Timer3A_IRQHandler
                0x000013e8                GPIOPortA_IRQHandler
                0x000013e8                ADC1Seq3_IRQHandler
                0x000013e8                Timer0A_IRQHandler
                0x000013e8                GPIOPortP1_IRQHandler
                0x000013e8                ADCSeq0_IRQHandler
                0x000013e8                Timer1A_IRQHandler
                0x000013e8                GPIOPortG_IRQHandler
                0x000013e8                GPIOPortQ3_IRQHandler
                0x000013e8                GPIOPortQ1_IRQHandler
                0x000013e8                Timer5B_IRQHandler
                0x000013e8                ADCSeq3_IRQHandler
                0x000013e8                WideTimer4A_IRQHandler
                0x000013e8                GPIOPortE_IRQHandler
                0x000013e8                CAN0_IRQHandler
                0x000013e8                GPIOPortQ0_IRQHandler
                0x000013e8                Comp0_IRQHandler
                0x000013e8                Comp1_IRQHandler
                0x000013e8                Comp2_IRQHandler
                0x000013e8                GPIOPortQ6_IRQHandler
                0x000013e8                SSI2_IRQHandler
                0x000013e8                PWM1Gen0_IRQHandler
                0x000013e8                GPIOPortF_IRQHandler
                0x000013e8                UART7_IRQHandler
                0x000013e8                UART6_IRQHandler
                0x000013e8                WideTimer2A_IRQHandler
                0x000013e8                GPIOPortB_IRQHandler
                0x000013e8                WideTimer3A_IRQHandler
                0x000013e8                CAN2_IRQHandler
                0x000013e8                WideTimer1B_IRQHandler
                0x000013e8                GPIOPortH_IRQHandler
                0x000013e8                GPIOPortQ2_IRQHandler
                0x000013e8                GPIOPortR_IRQHandler
                0x000013e8                Timer4B_IRQHandler
                0x000013e8                Timer2A_IRQHandler
                0x000013e8                SSI3_IRQHandler
                0x000013e8                Timer2B_IRQHandler
                0x000013e8                uDMAError_IRQHandler
                0x000013e8                GPIOPortN_IRQHandler
                0x000013e8                UART3_IRQHandler
                0x000013e8                SysCtrl_IRQHandler
                0x000013e8                Hibernate_IRQHandler
                0x000013e8                PWM1Gen1_IRQHandler
 .text.BME280_Init
                0x00001404       0x28 ./BME280/BME280_I2C.o
                0x00001404                BME280_Init
 .text.BME280_I2C_readSensorCoefficients
                0x0000142c       0xcc ./BME280/BME280_I2C.o
                0x0000142c                BME280_I2C_readSensorCoefficients
 .text.BME280_I2C_readTemperature
                0x000014f8      0x21c ./BME280/BME280_I2C.o
                0x000014f8                BME280_I2C_readTemperature
 *fill*         0x00001714        0x4 
 .text.BME280_I2C_readHumidity
                0x00001718      0x288 ./BME280/BME280_I2C.o
                0x00001718                BME280_I2C_readHumidity
 .text.NVIC_SystemReset
                0x000019a0       0x28 ./BSP/bsp.o
 .text.assert_failed
                0x000019c8        0x6 ./BSP/bsp.o
                0x000019c8                assert_failed
 *fill*         0x000019ce        0x2 
 .text.SysTick_Init
                0x000019d0       0x28 ./BSP/bsp.o
                0x000019d0                SysTick_Init
 .text.SysTick_Handler
                0x000019f8       0x30 ./BSP/bsp.o
                0x000019f8                SysTick_Handler
 .text.I2C_init
                0x00001a28       0x88 ./I2C/i2c.o
                0x00001a28                I2C_init
 .text.setSlaveAddress
                0x00001ab0       0x3c ./I2C/i2c.o
                0x00001ab0                setSlaveAddress
 .text.I2C_Wait
                0x00001aec       0x28 ./I2C/i2c.o
                0x00001aec                I2C_Wait
 .text.readByte
                0x00001b14       0x28 ./I2C/i2c.o
                0x00001b14                readByte
 .text.writeByte
                0x00001b3c       0x2c ./I2C/i2c.o
                0x00001b3c                writeByte
 .text.I2C_Read8
                0x00001b68       0x42 ./I2C/i2c.o
                0x00001b68                I2C_Read8
 .text.I2C_Read16
                0x00001baa       0x58 ./I2C/i2c.o
                0x00001baa                I2C_Read16
 .text.read16_Reverse
                0x00001c02       0x3c ./I2C/i2c.o
                0x00001c02                read16_Reverse
 .text.readS16  0x00001c3e       0x28 ./I2C/i2c.o
                0x00001c3e                readS16
 .text.readS16_Reverse
                0x00001c66       0x28 ./I2C/i2c.o
                0x00001c66                readS16_Reverse
 .text.I2C_Read24
                0x00001c8e       0x6e ./I2C/i2c.o
                0x00001c8e                I2C_Read24
 .text.readS24  0x00001cfc       0x26 ./I2C/i2c.o
                0x00001cfc                readS24
 *fill*         0x00001d22        0x2 
 .text.I2C_Write
                0x00001d24       0x90 ./I2C/i2c.o
                0x00001d24                I2C_Write
 .text.SSD_command
                0x00001db4       0x28 ./OLED/SSD1306_I2C_TivaC.o
                0x00001db4                SSD_command
 .text.SSD_init
                0x00001ddc       0x44 ./OLED/SSD1306_I2C_TivaC.o
                0x00001ddc                SSD_init
 .text.SSD_setPosition
                0x00001e20       0x64 ./OLED/SSD1306_I2C_TivaC.o
                0x00001e20                SSD_setPosition
 .text.SSD_printText_6x8
                0x00001e84       0xe0 ./OLED/SSD1306_I2C_TivaC.o
                0x00001e84                SSD_printText_6x8
 .text.SSD_clearScreen
                0x00001f64       0x66 ./OLED/SSD1306_I2C_TivaC.o
                0x00001f64                SSD_clearScreen
 *fill*         0x00001fca        0x2 
 .text.UART0_Init
                0x00001fcc       0xa0 ./UART/uart.o
                0x00001fcc                UART0_Init
 .text.UART3_Init
                0x0000206c       0x98 ./UART/uart.o
                0x0000206c                UART3_Init
 .text.printCharToUart
                0x00002104       0x2c ./UART/uart.o
                0x00002104                printCharToUart
 .text.printStringToUart
                0x00002130       0x2c ./UART/uart.o
                0x00002130                printStringToUart
 .text.exit     0x0000215c       0x20 c:/ti/ccs901/ccs/tools/compiler/gcc-arm-none-eabi-7-2017-q4-major-win32/bin/../lib/gcc/arm-none-eabi/7.2.1/../../../../arm-none-eabi/lib/thumb/v7e-m/fpv4-sp/hard\libc.a(lib_a-exit.o)
                0x0000215c                exit
 .text.__libc_init_array
                0x0000217c       0x48 c:/ti/ccs901/ccs/tools/compiler/gcc-arm-none-eabi-7-2017-q4-major-win32/bin/../lib/gcc/arm-none-eabi/7.2.1/../../../../arm-none-eabi/lib/thumb/v7e-m/fpv4-sp/hard\libc.a(lib_a-init.o)
                0x0000217c                __libc_init_array
 .text.memset   0x000021c4       0x94 c:/ti/ccs901/ccs/tools/compiler/gcc-arm-none-eabi-7-2017-q4-major-win32/bin/../lib/gcc/arm-none-eabi/7.2.1/../../../../arm-none-eabi/lib/thumb/v7e-m/fpv4-sp/hard\libc.a(lib_a-memset.o)
                0x000021c4                memset
 .text.startup.register_fini
                0x00002258       0x14 c:/ti/ccs901/ccs/tools/compiler/gcc-arm-none-eabi-7-2017-q4-major-win32/bin/../lib/gcc/arm-none-eabi/7.2.1/../../../../arm-none-eabi/lib/thumb/v7e-m/fpv4-sp/hard\libc.a(lib_a-__call_atexit.o)
 .text.__call_exitprocs
                0x0000226c       0xe8 c:/ti/ccs901/ccs/tools/compiler/gcc-arm-none-eabi-7-2017-q4-major-win32/bin/../lib/gcc/arm-none-eabi/7.2.1/../../../../arm-none-eabi/lib/thumb/v7e-m/fpv4-sp/hard\libc.a(lib_a-__call_atexit.o)
                0x0000226c                __call_exitprocs
 .text.atexit   0x00002354        0xc c:/ti/ccs901/ccs/tools/compiler/gcc-arm-none-eabi-7-2017-q4-major-win32/bin/../lib/gcc/arm-none-eabi/7.2.1/../../../../arm-none-eabi/lib/thumb/v7e-m/fpv4-sp/hard\libc.a(lib_a-atexit.o)
                0x00002354                atexit
 .text.__libc_fini_array
                0x00002360       0x34 c:/ti/ccs901/ccs/tools/compiler/gcc-arm-none-eabi-7-2017-q4-major-win32/bin/../lib/gcc/arm-none-eabi/7.2.1/../../../../arm-none-eabi/lib/thumb/v7e-m/fpv4-sp/hard\libc.a(lib_a-fini.o)
                0x00002360                __libc_fini_array
 .text.__retarget_lock_init
                0x00002394        0x4 c:/ti/ccs901/ccs/tools/compiler/gcc-arm-none-eabi-7-2017-q4-major-win32/bin/../lib/gcc/arm-none-eabi/7.2.1/../../../../arm-none-eabi/lib/thumb/v7e-m/fpv4-sp/hard\libc.a(lib_a-lock.o)
                0x00002394                __retarget_lock_init
 .text.__retarget_lock_init_recursive
                0x00002398        0x4 c:/ti/ccs901/ccs/tools/compiler/gcc-arm-none-eabi-7-2017-q4-major-win32/bin/../lib/gcc/arm-none-eabi/7.2.1/../../../../arm-none-eabi/lib/thumb/v7e-m/fpv4-sp/hard\libc.a(lib_a-lock.o)
                0x00002398                __retarget_lock_init_recursive
 .text.__retarget_lock_close
                0x0000239c        0x4 c:/ti/ccs901/ccs/tools/compiler/gcc-arm-none-eabi-7-2017-q4-major-win32/bin/../lib/gcc/arm-none-eabi/7.2.1/../../../../arm-none-eabi/lib/thumb/v7e-m/fpv4-sp/hard\libc.a(lib_a-lock.o)
                0x0000239c                __retarget_lock_close
 .text.__retarget_lock_close_recursive
                0x000023a0        0x4 c:/ti/ccs901/ccs/tools/compiler/gcc-arm-none-eabi-7-2017-q4-major-win32/bin/../lib/gcc/arm-none-eabi/7.2.1/../../../../arm-none-eabi/lib/thumb/v7e-m/fpv4-sp/hard\libc.a(lib_a-lock.o)
                0x000023a0                __retarget_lock_close_recursive
 .text.__retarget_lock_acquire
                0x000023a4        0x4 c:/ti/ccs901/ccs/tools/compiler/gcc-arm-none-eabi-7-2017-q4-major-win32/bin/../lib/gcc/arm-none-eabi/7.2.1/../../../../arm-none-eabi/lib/thumb/v7e-m/fpv4-sp/hard\libc.a(lib_a-lock.o)
                0x000023a4                __retarget_lock_acquire
 .text.__retarget_lock_acquire_recursive
                0x000023a8        0x4 c:/ti/ccs901/ccs/tools/compiler/gcc-arm-none-eabi-7-2017-q4-major-win32/bin/../lib/gcc/arm-none-eabi/7.2.1/../../../../arm-none-eabi/lib/thumb/v7e-m/fpv4-sp/hard\libc.a(lib_a-lock.o)
                0x000023a8                __retarget_lock_acquire_recursive
 .text.__retarget_lock_try_acquire
                0x000023ac        0x4 c:/ti/ccs901/ccs/tools/compiler/gcc-arm-none-eabi-7-2017-q4-major-win32/bin/../lib/gcc/arm-none-eabi/7.2.1/../../../../arm-none-eabi/lib/thumb/v7e-m/fpv4-sp/hard\libc.a(lib_a-lock.o)
                0x000023ac                __retarget_lock_try_acquire
 .text.__retarget_lock_try_acquire_recursive
                0x000023b0        0x4 c:/ti/ccs901/ccs/tools/compiler/gcc-arm-none-eabi-7-2017-q4-major-win32/bin/../lib/gcc/arm-none-eabi/7.2.1/../../../../arm-none-eabi/lib/thumb/v7e-m/fpv4-sp/hard\libc.a(lib_a-lock.o)
                0x000023b0                __retarget_lock_try_acquire_recursive
 .text.__retarget_lock_release
                0x000023b4        0x4 c:/ti/ccs901/ccs/tools/compiler/gcc-arm-none-eabi-7-2017-q4-major-win32/bin/../lib/gcc/arm-none-eabi/7.2.1/../../../../arm-none-eabi/lib/thumb/v7e-m/fpv4-sp/hard\libc.a(lib_a-lock.o)
                0x000023b4                __retarget_lock_release
 .text.__retarget_lock_release_recursive
                0x000023b8        0x4 c:/ti/ccs901/ccs/tools/compiler/gcc-arm-none-eabi-7-2017-q4-major-win32/bin/../lib/gcc/arm-none-eabi/7.2.1/../../../../arm-none-eabi/lib/thumb/v7e-m/fpv4-sp/hard\libc.a(lib_a-lock.o)
                0x000023b8                __retarget_lock_release_recursive
 .text.__register_exitproc
                0x000023bc       0xc0 c:/ti/ccs901/ccs/tools/compiler/gcc-arm-none-eabi-7-2017-q4-major-win32/bin/../lib/gcc/arm-none-eabi/7.2.1/../../../../arm-none-eabi/lib/thumb/v7e-m/fpv4-sp/hard\libc.a(lib_a-__atexit.o)
                0x000023bc                __register_exitproc
 .text._exit    0x0000247c        0x4 c:/ti/ccs901/ccs/tools/compiler/gcc-arm-none-eabi-7-2017-q4-major-win32/bin/../lib/gcc/arm-none-eabi/7.2.1/../../../../arm-none-eabi/lib/thumb/v7e-m/fpv4-sp/hard\libnosys.a(_exit.o)
                0x0000247c                _exit
 *(.rodata)
 .rodata        0x00002480       0x8e ./main.o
 *fill*         0x0000250e        0x2 
 .rodata        0x00002510        0xe ./startup_tm4c_gnu.o
 *fill*         0x0000251e        0x2 
 .rodata        0x00002520        0x4 ./BME280/BME280_I2C.o
 *(.rodata*)
 .rodata.font_6x8
                0x00002524      0x222 ./OLED/SSD1306_I2C_TivaC.o
                0x00002524                font_6x8
 *fill*         0x00002746        0x2 
 .rodata._global_impure_ptr
                0x00002748        0x4 c:/ti/ccs901/ccs/tools/compiler/gcc-arm-none-eabi-7-2017-q4-major-win32/bin/../lib/gcc/arm-none-eabi/7.2.1/../../../../arm-none-eabi/lib/thumb/v7e-m/fpv4-sp/hard\libc.a(lib_a-impure.o)
                0x00002748                _global_impure_ptr
 *(.init)
 .init          0x0000274c        0x4 c:/ti/ccs901/ccs/tools/compiler/gcc-arm-none-eabi-7-2017-q4-major-win32/bin/../lib/gcc/arm-none-eabi/7.2.1/thumb/v7e-m/fpv4-sp/hard/crti.o
                0x0000274c                _init
 .init          0x00002750        0x8 c:/ti/ccs901/ccs/tools/compiler/gcc-arm-none-eabi-7-2017-q4-major-win32/bin/../lib/gcc/arm-none-eabi/7.2.1/thumb/v7e-m/fpv4-sp/hard/crtn.o
 *(.fini)
 .fini          0x00002758        0x4 c:/ti/ccs901/ccs/tools/compiler/gcc-arm-none-eabi-7-2017-q4-major-win32/bin/../lib/gcc/arm-none-eabi/7.2.1/thumb/v7e-m/fpv4-sp/hard/crti.o
                0x00002758                _fini
 .fini          0x0000275c        0x8 c:/ti/ccs901/ccs/tools/compiler/gcc-arm-none-eabi-7-2017-q4-major-win32/bin/../lib/gcc/arm-none-eabi/7.2.1/thumb/v7e-m/fpv4-sp/hard/crtn.o
                0x00002764                . = ALIGN (0x4)

.glue_7         0x00002764        0x0
 .glue_7        0x00002764        0x0 linker stubs

.glue_7t        0x00002764        0x0
 .glue_7t       0x00002764        0x0 linker stubs

.vfp11_veneer   0x00002764        0x0
 .vfp11_veneer  0x00002764        0x0 linker stubs

.v4_bx          0x00002764        0x0
 .v4_bx         0x00002764        0x0 linker stubs

.iplt           0x00002764        0x0
 .iplt          0x00002764        0x0 c:/ti/ccs901/ccs/tools/compiler/gcc-arm-none-eabi-7-2017-q4-major-win32/bin/../lib/gcc/arm-none-eabi/7.2.1/thumb/v7e-m/fpv4-sp/hard/crtbegin.o

.rel.dyn        0x00002764        0x0
 .rel.iplt      0x00002764        0x0 c:/ti/ccs901/ccs/tools/compiler/gcc-arm-none-eabi-7-2017-q4-major-win32/bin/../lib/gcc/arm-none-eabi/7.2.1/thumb/v7e-m/fpv4-sp/hard/crtbegin.o

.preinit_array  0x00002764        0x0
                0x00002764                PROVIDE (__preinit_array_start, .)
 *(.preinit_array*)
                0x00002764                PROVIDE (__preinit_array_end, .)

.init_array     0x00002764        0x8
                0x00002764                PROVIDE (__init_array_start, .)
 *(SORT_BY_NAME(.init_array.*))
 .init_array.00000
                0x00002764        0x4 c:/ti/ccs901/ccs/tools/compiler/gcc-arm-none-eabi-7-2017-q4-major-win32/bin/../lib/gcc/arm-none-eabi/7.2.1/../../../../arm-none-eabi/lib/thumb/v7e-m/fpv4-sp/hard\libc.a(lib_a-__call_atexit.o)
 *(.init_array*)
 .init_array    0x00002768        0x4 c:/ti/ccs901/ccs/tools/compiler/gcc-arm-none-eabi-7-2017-q4-major-win32/bin/../lib/gcc/arm-none-eabi/7.2.1/thumb/v7e-m/fpv4-sp/hard/crtbegin.o
                0x0000276c                PROVIDE (__init_array_end, .)

.fini_array     0x0000276c        0x4
                0x0000276c                PROVIDE (__fini_array_start, .)
 *(.fini_array*)
 .fini_array    0x0000276c        0x4 c:/ti/ccs901/ccs/tools/compiler/gcc-arm-none-eabi-7-2017-q4-major-win32/bin/../lib/gcc/arm-none-eabi/7.2.1/thumb/v7e-m/fpv4-sp/hard/crtbegin.o
 *(SORT_BY_NAME(.fini_array.*))
                0x00002770                PROVIDE (__fini_array_end, .)
                0x00002770                _etext = .

.stack          0x20000000      0x200
                0x20000000                __stack_start__ = .
                0x20000200                . = (. + STACK_SIZE)
 *fill*         0x20000000      0x200 
                0x20000200                . = ALIGN (0x4)
                0x20000200                __stack_end__ = .

.data           0x20000200      0x454 load address 0x00002770
                0x00002770                __data_load = LOADADDR (.data)
                0x20000200                __data_start = .
 *(.data)
 .data          0x20000200        0x0 c:/ti/ccs901/ccs/tools/compiler/gcc-arm-none-eabi-7-2017-q4-major-win32/bin/../lib/gcc/arm-none-eabi/7.2.1/thumb/v7e-m/fpv4-sp/hard/crti.o
 .data          0x20000200        0x4 c:/ti/ccs901/ccs/tools/compiler/gcc-arm-none-eabi-7-2017-q4-major-win32/bin/../lib/gcc/arm-none-eabi/7.2.1/thumb/v7e-m/fpv4-sp/hard/crtbegin.o
                0x20000200                __dso_handle
 .data          0x20000204        0x0 c:/ti/ccs901/ccs/tools/compiler/gcc-arm-none-eabi-7-2017-q4-major-win32/bin/../lib/gcc/arm-none-eabi/7.2.1/../../../../arm-none-eabi/lib/thumb/v7e-m/fpv4-sp/hard/crt0.o
 .data          0x20000204        0x0 ./main.o
 .data          0x20000204        0x0 ./startup_tm4c_gnu.o
 .data          0x20000204        0x0 ./BME280/BME280_I2C.o
 .data          0x20000204        0x0 ./BSP/bsp.o
 .data          0x20000204        0x0 ./I2C/i2c.o
 .data          0x20000204        0x0 ./OLED/SSD1306_I2C_TivaC.o
 .data          0x20000204        0x0 ./UART/uart.o
 .data          0x20000204        0x0 c:/ti/ccs901/ccs/tools/compiler/gcc-arm-none-eabi-7-2017-q4-major-win32/bin/../lib/gcc/arm-none-eabi/7.2.1/../../../../arm-none-eabi/lib/thumb/v7e-m/fpv4-sp/hard\libc.a(lib_a-exit.o)
 .data          0x20000204        0x0 c:/ti/ccs901/ccs/tools/compiler/gcc-arm-none-eabi-7-2017-q4-major-win32/bin/../lib/gcc/arm-none-eabi/7.2.1/../../../../arm-none-eabi/lib/thumb/v7e-m/fpv4-sp/hard\libc.a(lib_a-impure.o)
 .data          0x20000204        0x0 c:/ti/ccs901/ccs/tools/compiler/gcc-arm-none-eabi-7-2017-q4-major-win32/bin/../lib/gcc/arm-none-eabi/7.2.1/../../../../arm-none-eabi/lib/thumb/v7e-m/fpv4-sp/hard\libc.a(lib_a-init.o)
 .data          0x20000204        0x0 c:/ti/ccs901/ccs/tools/compiler/gcc-arm-none-eabi-7-2017-q4-major-win32/bin/../lib/gcc/arm-none-eabi/7.2.1/../../../../arm-none-eabi/lib/thumb/v7e-m/fpv4-sp/hard\libc.a(lib_a-memset.o)
 .data          0x20000204        0x0 c:/ti/ccs901/ccs/tools/compiler/gcc-arm-none-eabi-7-2017-q4-major-win32/bin/../lib/gcc/arm-none-eabi/7.2.1/../../../../arm-none-eabi/lib/thumb/v7e-m/fpv4-sp/hard\libc.a(lib_a-__call_atexit.o)
 .data          0x20000204        0x0 c:/ti/ccs901/ccs/tools/compiler/gcc-arm-none-eabi-7-2017-q4-major-win32/bin/../lib/gcc/arm-none-eabi/7.2.1/../../../../arm-none-eabi/lib/thumb/v7e-m/fpv4-sp/hard\libc.a(lib_a-atexit.o)
 .data          0x20000204        0x0 c:/ti/ccs901/ccs/tools/compiler/gcc-arm-none-eabi-7-2017-q4-major-win32/bin/../lib/gcc/arm-none-eabi/7.2.1/../../../../arm-none-eabi/lib/thumb/v7e-m/fpv4-sp/hard\libc.a(lib_a-fini.o)
 .data          0x20000204        0x0 c:/ti/ccs901/ccs/tools/compiler/gcc-arm-none-eabi-7-2017-q4-major-win32/bin/../lib/gcc/arm-none-eabi/7.2.1/../../../../arm-none-eabi/lib/thumb/v7e-m/fpv4-sp/hard\libc.a(lib_a-lock.o)
 .data          0x20000204        0x0 c:/ti/ccs901/ccs/tools/compiler/gcc-arm-none-eabi-7-2017-q4-major-win32/bin/../lib/gcc/arm-none-eabi/7.2.1/../../../../arm-none-eabi/lib/thumb/v7e-m/fpv4-sp/hard\libc.a(lib_a-__atexit.o)
 .data          0x20000204        0x0 c:/ti/ccs901/ccs/tools/compiler/gcc-arm-none-eabi-7-2017-q4-major-win32/bin/../lib/gcc/arm-none-eabi/7.2.1/thumb/v7e-m/fpv4-sp/hard\libgcc.a(_arm_addsubdf3.o)
 .data          0x20000204        0x0 c:/ti/ccs901/ccs/tools/compiler/gcc-arm-none-eabi-7-2017-q4-major-win32/bin/../lib/gcc/arm-none-eabi/7.2.1/thumb/v7e-m/fpv4-sp/hard\libgcc.a(_arm_muldivdf3.o)
 .data          0x20000204        0x0 c:/ti/ccs901/ccs/tools/compiler/gcc-arm-none-eabi-7-2017-q4-major-win32/bin/../lib/gcc/arm-none-eabi/7.2.1/thumb/v7e-m/fpv4-sp/hard\libgcc.a(_arm_cmpdf2.o)
 .data          0x20000204        0x0 c:/ti/ccs901/ccs/tools/compiler/gcc-arm-none-eabi-7-2017-q4-major-win32/bin/../lib/gcc/arm-none-eabi/7.2.1/thumb/v7e-m/fpv4-sp/hard\libgcc.a(_arm_fixdfsi.o)
 .data          0x20000204        0x0 c:/ti/ccs901/ccs/tools/compiler/gcc-arm-none-eabi-7-2017-q4-major-win32/bin/../lib/gcc/arm-none-eabi/7.2.1/thumb/v7e-m/fpv4-sp/hard\libgcc.a(_arm_truncdfsf2.o)
 .data          0x20000204        0x0 c:/ti/ccs901/ccs/tools/compiler/gcc-arm-none-eabi-7-2017-q4-major-win32/bin/../lib/gcc/arm-none-eabi/7.2.1/../../../../arm-none-eabi/lib/thumb/v7e-m/fpv4-sp/hard\libnosys.a(_exit.o)
 .data          0x20000204        0x0 c:/ti/ccs901/ccs/tools/compiler/gcc-arm-none-eabi-7-2017-q4-major-win32/bin/../lib/gcc/arm-none-eabi/7.2.1/thumb/v7e-m/fpv4-sp/hard/crtend.o
 .data          0x20000204        0x0 c:/ti/ccs901/ccs/tools/compiler/gcc-arm-none-eabi-7-2017-q4-major-win32/bin/../lib/gcc/arm-none-eabi/7.2.1/thumb/v7e-m/fpv4-sp/hard/crtn.o
 *(.data*)
 .data.ssdInit  0x20000204       0x1a ./OLED/SSD1306_I2C_TivaC.o
                0x20000204                ssdInit
 *fill*         0x2000021e        0x2 
 .data._impure_ptr
                0x20000220        0x4 c:/ti/ccs901/ccs/tools/compiler/gcc-arm-none-eabi-7-2017-q4-major-win32/bin/../lib/gcc/arm-none-eabi/7.2.1/../../../../arm-none-eabi/lib/thumb/v7e-m/fpv4-sp/hard\libc.a(lib_a-impure.o)
                0x20000220                _impure_ptr
 *fill*         0x20000224        0x4 
 .data.impure_data
                0x20000228      0x428 c:/ti/ccs901/ccs/tools/compiler/gcc-arm-none-eabi-7-2017-q4-major-win32/bin/../lib/gcc/arm-none-eabi/7.2.1/../../../../arm-none-eabi/lib/thumb/v7e-m/fpv4-sp/hard\libc.a(lib_a-impure.o)
 .data.__atexit_recursive_mutex
                0x20000650        0x4 c:/ti/ccs901/ccs/tools/compiler/gcc-arm-none-eabi-7-2017-q4-major-win32/bin/../lib/gcc/arm-none-eabi/7.2.1/../../../../arm-none-eabi/lib/thumb/v7e-m/fpv4-sp/hard\libc.a(lib_a-__call_atexit.o)
                0x20000650                __atexit_recursive_mutex
                0x20000654                . = ALIGN (0x4)
                0x20000654                __data_end__ = .
                0x20000654                _edata = __data_end__

.igot.plt       0x20000654        0x0 load address 0x00002bc4
 .igot.plt      0x20000654        0x0 c:/ti/ccs901/ccs/tools/compiler/gcc-arm-none-eabi-7-2017-q4-major-win32/bin/../lib/gcc/arm-none-eabi/7.2.1/thumb/v7e-m/fpv4-sp/hard/crtbegin.o

.bss            0x20000658       0xc0 load address 0x00002bc8
                0x20000658                __bss_start__ = .
 *(.bss)
 .bss           0x20000658        0x0 c:/ti/ccs901/ccs/tools/compiler/gcc-arm-none-eabi-7-2017-q4-major-win32/bin/../lib/gcc/arm-none-eabi/7.2.1/thumb/v7e-m/fpv4-sp/hard/crti.o
 .bss           0x20000658       0x1c c:/ti/ccs901/ccs/tools/compiler/gcc-arm-none-eabi-7-2017-q4-major-win32/bin/../lib/gcc/arm-none-eabi/7.2.1/thumb/v7e-m/fpv4-sp/hard/crtbegin.o
 .bss           0x20000674        0x0 c:/ti/ccs901/ccs/tools/compiler/gcc-arm-none-eabi-7-2017-q4-major-win32/bin/../lib/gcc/arm-none-eabi/7.2.1/../../../../arm-none-eabi/lib/thumb/v7e-m/fpv4-sp/hard/crt0.o
 .bss           0x20000674        0x0 ./main.o
 .bss           0x20000674        0x0 ./startup_tm4c_gnu.o
 .bss           0x20000674        0x0 ./BME280/BME280_I2C.o
 .bss           0x20000674        0x0 ./BSP/bsp.o
 .bss           0x20000674        0x0 ./I2C/i2c.o
 .bss           0x20000674        0x0 ./OLED/SSD1306_I2C_TivaC.o
 .bss           0x20000674        0x0 ./UART/uart.o
 .bss           0x20000674        0x0 c:/ti/ccs901/ccs/tools/compiler/gcc-arm-none-eabi-7-2017-q4-major-win32/bin/../lib/gcc/arm-none-eabi/7.2.1/../../../../arm-none-eabi/lib/thumb/v7e-m/fpv4-sp/hard\libc.a(lib_a-exit.o)
 .bss           0x20000674        0x0 c:/ti/ccs901/ccs/tools/compiler/gcc-arm-none-eabi-7-2017-q4-major-win32/bin/../lib/gcc/arm-none-eabi/7.2.1/../../../../arm-none-eabi/lib/thumb/v7e-m/fpv4-sp/hard\libc.a(lib_a-impure.o)
 .bss           0x20000674        0x0 c:/ti/ccs901/ccs/tools/compiler/gcc-arm-none-eabi-7-2017-q4-major-win32/bin/../lib/gcc/arm-none-eabi/7.2.1/../../../../arm-none-eabi/lib/thumb/v7e-m/fpv4-sp/hard\libc.a(lib_a-init.o)
 .bss           0x20000674        0x0 c:/ti/ccs901/ccs/tools/compiler/gcc-arm-none-eabi-7-2017-q4-major-win32/bin/../lib/gcc/arm-none-eabi/7.2.1/../../../../arm-none-eabi/lib/thumb/v7e-m/fpv4-sp/hard\libc.a(lib_a-memset.o)
 .bss           0x20000674        0x0 c:/ti/ccs901/ccs/tools/compiler/gcc-arm-none-eabi-7-2017-q4-major-win32/bin/../lib/gcc/arm-none-eabi/7.2.1/../../../../arm-none-eabi/lib/thumb/v7e-m/fpv4-sp/hard\libc.a(lib_a-__call_atexit.o)
 .bss           0x20000674        0x0 c:/ti/ccs901/ccs/tools/compiler/gcc-arm-none-eabi-7-2017-q4-major-win32/bin/../lib/gcc/arm-none-eabi/7.2.1/../../../../arm-none-eabi/lib/thumb/v7e-m/fpv4-sp/hard\libc.a(lib_a-atexit.o)
 .bss           0x20000674        0x0 c:/ti/ccs901/ccs/tools/compiler/gcc-arm-none-eabi-7-2017-q4-major-win32/bin/../lib/gcc/arm-none-eabi/7.2.1/../../../../arm-none-eabi/lib/thumb/v7e-m/fpv4-sp/hard\libc.a(lib_a-fini.o)
 .bss           0x20000674        0x0 c:/ti/ccs901/ccs/tools/compiler/gcc-arm-none-eabi-7-2017-q4-major-win32/bin/../lib/gcc/arm-none-eabi/7.2.1/../../../../arm-none-eabi/lib/thumb/v7e-m/fpv4-sp/hard\libc.a(lib_a-lock.o)
 .bss           0x20000674        0x0 c:/ti/ccs901/ccs/tools/compiler/gcc-arm-none-eabi-7-2017-q4-major-win32/bin/../lib/gcc/arm-none-eabi/7.2.1/../../../../arm-none-eabi/lib/thumb/v7e-m/fpv4-sp/hard\libc.a(lib_a-__atexit.o)
 .bss           0x20000674        0x0 c:/ti/ccs901/ccs/tools/compiler/gcc-arm-none-eabi-7-2017-q4-major-win32/bin/../lib/gcc/arm-none-eabi/7.2.1/thumb/v7e-m/fpv4-sp/hard\libgcc.a(_arm_addsubdf3.o)
 .bss           0x20000674        0x0 c:/ti/ccs901/ccs/tools/compiler/gcc-arm-none-eabi-7-2017-q4-major-win32/bin/../lib/gcc/arm-none-eabi/7.2.1/thumb/v7e-m/fpv4-sp/hard\libgcc.a(_arm_muldivdf3.o)
 .bss           0x20000674        0x0 c:/ti/ccs901/ccs/tools/compiler/gcc-arm-none-eabi-7-2017-q4-major-win32/bin/../lib/gcc/arm-none-eabi/7.2.1/thumb/v7e-m/fpv4-sp/hard\libgcc.a(_arm_cmpdf2.o)
 .bss           0x20000674        0x0 c:/ti/ccs901/ccs/tools/compiler/gcc-arm-none-eabi-7-2017-q4-major-win32/bin/../lib/gcc/arm-none-eabi/7.2.1/thumb/v7e-m/fpv4-sp/hard\libgcc.a(_arm_fixdfsi.o)
 .bss           0x20000674        0x0 c:/ti/ccs901/ccs/tools/compiler/gcc-arm-none-eabi-7-2017-q4-major-win32/bin/../lib/gcc/arm-none-eabi/7.2.1/thumb/v7e-m/fpv4-sp/hard\libgcc.a(_arm_truncdfsf2.o)
 .bss           0x20000674        0x0 c:/ti/ccs901/ccs/tools/compiler/gcc-arm-none-eabi-7-2017-q4-major-win32/bin/../lib/gcc/arm-none-eabi/7.2.1/../../../../arm-none-eabi/lib/thumb/v7e-m/fpv4-sp/hard\libnosys.a(_exit.o)
 .bss           0x20000674        0x0 c:/ti/ccs901/ccs/tools/compiler/gcc-arm-none-eabi-7-2017-q4-major-win32/bin/../lib/gcc/arm-none-eabi/7.2.1/thumb/v7e-m/fpv4-sp/hard/crtend.o
 .bss           0x20000674        0x0 c:/ti/ccs901/ccs/tools/compiler/gcc-arm-none-eabi-7-2017-q4-major-win32/bin/../lib/gcc/arm-none-eabi/7.2.1/thumb/v7e-m/fpv4-sp/hard/crtn.o
 *(.bss*)
 *(COMMON)
 *fill*         0x20000674        0x4 
 COMMON         0x20000678       0x78 ./main.o
                0x20000678                tempPrint
                0x20000680                cal_data
                0x20000692                systemCtr
                0x20000698                adc_H
                0x200006a0                var1
                0x200006a8                temperature
                0x200006b0                humidity
                0x200006b8                adc_T
                0x200006c0                var2
                0x200006c8                intpart
                0x200006cc                tempcal
                0x200006d0                temperatureF
                0x200006d8                decpart
                0x200006e0                t_fine
                0x200006e8                tempTemp
 COMMON         0x200006f0        0x1 ./UART/uart.o
                0x200006f0                txChar
 *fill*         0x200006f1        0x3 
 COMMON         0x200006f4       0x21 c:/ti/ccs901/ccs/tools/compiler/gcc-arm-none-eabi-7-2017-q4-major-win32/bin/../lib/gcc/arm-none-eabi/7.2.1/../../../../arm-none-eabi/lib/thumb/v7e-m/fpv4-sp/hard\libc.a(lib_a-lock.o)
                0x200006f4                __lock___atexit_recursive_mutex
                0x200006f8                __lock___arc4random_mutex
                0x200006fc                __lock___env_recursive_mutex
                0x20000700                __lock___sinit_recursive_mutex
                0x20000704                __lock___malloc_recursive_mutex
                0x20000708                __lock___at_quick_exit_mutex
                0x2000070c                __lock___dd_hash_mutex
                0x20000710                __lock___tz_mutex
                0x20000714                __lock___sfp_recursive_mutex
                0x20000718                . = ALIGN (0x4)
 *fill*         0x20000715        0x3 
                0x20000718                _ebss = .
                0x20000718                __bss_end__ = .
                [!provide]                PROVIDE (end, _ebss)
                [!provide]                PROVIDE (_end, _ebss)
                [!provide]                PROVIDE (__end__, _ebss)

.heap           0x20000718        0x0
                0x20000718                __heap_start__ = .
                0x20000718                . = (. + HEAP_SIZE)
                0x20000718                . = ALIGN (0x4)
                0x20000718                __heap_end__ = .

/DISCARD/
 libc.a(*)
 libm.a(*)
 libgcc.a(*)
START GROUP
LOAD c:/ti/ccs901/ccs/tools/compiler/gcc-arm-none-eabi-7-2017-q4-major-win32/bin/../lib/gcc/arm-none-eabi/7.2.1/thumb/v7e-m/fpv4-sp/hard\libgcc.a
LOAD c:/ti/ccs901/ccs/tools/compiler/gcc-arm-none-eabi-7-2017-q4-major-win32/bin/../lib/gcc/arm-none-eabi/7.2.1/../../../../arm-none-eabi/lib/thumb/v7e-m/fpv4-sp/hard\libg.a
LOAD c:/ti/ccs901/ccs/tools/compiler/gcc-arm-none-eabi-7-2017-q4-major-win32/bin/../lib/gcc/arm-none-eabi/7.2.1/../../../../arm-none-eabi/lib/thumb/v7e-m/fpv4-sp/hard\libc.a
END GROUP
START GROUP
LOAD c:/ti/ccs901/ccs/tools/compiler/gcc-arm-none-eabi-7-2017-q4-major-win32/bin/../lib/gcc/arm-none-eabi/7.2.1/thumb/v7e-m/fpv4-sp/hard\libgcc.a
LOAD c:/ti/ccs901/ccs/tools/compiler/gcc-arm-none-eabi-7-2017-q4-major-win32/bin/../lib/gcc/arm-none-eabi/7.2.1/../../../../arm-none-eabi/lib/thumb/v7e-m/fpv4-sp/hard\libc.a
LOAD c:/ti/ccs901/ccs/tools/compiler/gcc-arm-none-eabi-7-2017-q4-major-win32/bin/../lib/gcc/arm-none-eabi/7.2.1/../../../../arm-none-eabi/lib/thumb/v7e-m/fpv4-sp/hard\libnosys.a
END GROUP
LOAD c:/ti/ccs901/ccs/tools/compiler/gcc-arm-none-eabi-7-2017-q4-major-win32/bin/../lib/gcc/arm-none-eabi/7.2.1/thumb/v7e-m/fpv4-sp/hard/crtend.o
LOAD c:/ti/ccs901/ccs/tools/compiler/gcc-arm-none-eabi-7-2017-q4-major-win32/bin/../lib/gcc/arm-none-eabi/7.2.1/thumb/v7e-m/fpv4-sp/hard/crtn.o
OUTPUT(TempSensorProject.out elf32-littlearm)

.ARM.attributes
                0x00000000       0x30
 .ARM.attributes
                0x00000000       0x22 c:/ti/ccs901/ccs/tools/compiler/gcc-arm-none-eabi-7-2017-q4-major-win32/bin/../lib/gcc/arm-none-eabi/7.2.1/thumb/v7e-m/fpv4-sp/hard/crti.o
 .ARM.attributes
                0x00000022       0x34 c:/ti/ccs901/ccs/tools/compiler/gcc-arm-none-eabi-7-2017-q4-major-win32/bin/../lib/gcc/arm-none-eabi/7.2.1/thumb/v7e-m/fpv4-sp/hard/crtbegin.o
 .ARM.attributes
                0x00000056       0x20 c:/ti/ccs901/ccs/tools/compiler/gcc-arm-none-eabi-7-2017-q4-major-win32/bin/../lib/gcc/arm-none-eabi/7.2.1/../../../../arm-none-eabi/lib/thumb/v7e-m/fpv4-sp/hard/crt0.o
 .ARM.attributes
                0x00000076       0x39 ./main.o
 .ARM.attributes
                0x000000af       0x39 ./startup_tm4c_gnu.o
 .ARM.attributes
                0x000000e8       0x39 ./BME280/BME280_I2C.o
 .ARM.attributes
                0x00000121       0x39 ./BSP/bsp.o
 .ARM.attributes
                0x0000015a       0x39 ./I2C/i2c.o
 .ARM.attributes
                0x00000193       0x39 ./OLED/SSD1306_I2C_TivaC.o
 .ARM.attributes
                0x000001cc       0x39 ./UART/uart.o
 .ARM.attributes
                0x00000205       0x34 c:/ti/ccs901/ccs/tools/compiler/gcc-arm-none-eabi-7-2017-q4-major-win32/bin/../lib/gcc/arm-none-eabi/7.2.1/../../../../arm-none-eabi/lib/thumb/v7e-m/fpv4-sp/hard\libnosys.a(_exit.o)
 .ARM.attributes
                0x00000239       0x34 c:/ti/ccs901/ccs/tools/compiler/gcc-arm-none-eabi-7-2017-q4-major-win32/bin/../lib/gcc/arm-none-eabi/7.2.1/thumb/v7e-m/fpv4-sp/hard/crtend.o
 .ARM.attributes
                0x0000026d       0x22 c:/ti/ccs901/ccs/tools/compiler/gcc-arm-none-eabi-7-2017-q4-major-win32/bin/../lib/gcc/arm-none-eabi/7.2.1/thumb/v7e-m/fpv4-sp/hard/crtn.o

.comment        0x00000000       0x7e
 .comment       0x00000000       0x7e ./main.o
                                 0x7f (size before relaxing)
 .comment       0x0000007e       0x7f ./startup_tm4c_gnu.o
 .comment       0x0000007e       0x7f ./BME280/BME280_I2C.o
 .comment       0x0000007e       0x7f ./BSP/bsp.o
 .comment       0x0000007e       0x7f ./I2C/i2c.o
 .comment       0x0000007e       0x7f ./OLED/SSD1306_I2C_TivaC.o
 .comment       0x0000007e       0x7f ./UART/uart.o

.debug_info     0x00000000     0x4377
 .debug_info    0x00000000      0xd98 ./main.o
 .debug_info    0x00000d98      0x1a9 ./startup_tm4c_gnu.o
 .debug_info    0x00000f41      0x2db ./BME280/BME280_I2C.o
 .debug_info    0x0000121c      0x38c ./BSP/bsp.o
 .debug_info    0x000015a8     0x12e4 ./I2C/i2c.o
 .debug_info    0x0000288c      0x287 ./OLED/SSD1306_I2C_TivaC.o
 .debug_info    0x00002b13     0x1864 ./UART/uart.o

.debug_abbrev   0x00000000      0x9d9
 .debug_abbrev  0x00000000      0x25f ./main.o
 .debug_abbrev  0x0000025f       0xde ./startup_tm4c_gnu.o
 .debug_abbrev  0x0000033d       0xc9 ./BME280/BME280_I2C.o
 .debug_abbrev  0x00000406      0x128 ./BSP/bsp.o
 .debug_abbrev  0x0000052e      0x193 ./I2C/i2c.o
 .debug_abbrev  0x000006c1       0xee ./OLED/SSD1306_I2C_TivaC.o
 .debug_abbrev  0x000007af      0x22a ./UART/uart.o

.debug_aranges  0x00000000      0x208
 .debug_aranges
                0x00000000       0x50 ./main.o
 .debug_aranges
                0x00000050       0x50 ./startup_tm4c_gnu.o
 .debug_aranges
                0x000000a0       0x38 ./BME280/BME280_I2C.o
 .debug_aranges
                0x000000d8       0x38 ./BSP/bsp.o
 .debug_aranges
                0x00000110       0x80 ./I2C/i2c.o
 .debug_aranges
                0x00000190       0x40 ./OLED/SSD1306_I2C_TivaC.o
 .debug_aranges
                0x000001d0       0x38 ./UART/uart.o

.debug_ranges   0x00000000      0x198
 .debug_ranges  0x00000000       0x40 ./main.o
 .debug_ranges  0x00000040       0x40 ./startup_tm4c_gnu.o
 .debug_ranges  0x00000080       0x28 ./BME280/BME280_I2C.o
 .debug_ranges  0x000000a8       0x28 ./BSP/bsp.o
 .debug_ranges  0x000000d0       0x70 ./I2C/i2c.o
 .debug_ranges  0x00000140       0x30 ./OLED/SSD1306_I2C_TivaC.o
 .debug_ranges  0x00000170       0x28 ./UART/uart.o

.debug_line     0x00000000      0xf9b
 .debug_line    0x00000000      0x300 ./main.o
 .debug_line    0x00000300       0xc7 ./startup_tm4c_gnu.o
 .debug_line    0x000003c7      0x21a ./BME280/BME280_I2C.o
 .debug_line    0x000005e1      0x1c8 ./BSP/bsp.o
 .debug_line    0x000007a9      0x2c2 ./I2C/i2c.o
 .debug_line    0x00000a6b      0x290 ./OLED/SSD1306_I2C_TivaC.o
 .debug_line    0x00000cfb      0x2a0 ./UART/uart.o

.debug_str      0x00000000     0x11fc
 .debug_str     0x00000000      0x780 ./main.o
                                0x827 (size before relaxing)
 .debug_str     0x00000780      0x118 ./startup_tm4c_gnu.o
                                0x244 (size before relaxing)
 .debug_str     0x00000898       0x80 ./BME280/BME280_I2C.o
                                0x369 (size before relaxing)
 .debug_str     0x00000918       0xcb ./BSP/bsp.o
                                0x2cc (size before relaxing)
 .debug_str     0x000009e3      0x71d ./I2C/i2c.o
                                0x96e (size before relaxing)
 .debug_str     0x00001100       0x9e ./OLED/SSD1306_I2C_TivaC.o
                                0x284 (size before relaxing)
 .debug_str     0x0000119e       0x5e ./UART/uart.o
                                0xc82 (size before relaxing)

.debug_frame    0x00000000      0x5fc
 .debug_frame   0x00000000       0xec ./main.o
 .debug_frame   0x000000ec       0x94 ./startup_tm4c_gnu.o
 .debug_frame   0x00000180       0xa4 ./BME280/BME280_I2C.o
 .debug_frame   0x00000224       0x78 ./BSP/bsp.o
 .debug_frame   0x0000029c      0x1e0 ./I2C/i2c.o
 .debug_frame   0x0000047c       0xc4 ./OLED/SSD1306_I2C_TivaC.o
 .debug_frame   0x00000540       0x9c ./UART/uart.o
 .debug_frame   0x000005dc       0x20 c:/ti/ccs901/ccs/tools/compiler/gcc-arm-none-eabi-7-2017-q4-major-win32/bin/../lib/gcc/arm-none-eabi/7.2.1/../../../../arm-none-eabi/lib/thumb/v7e-m/fpv4-sp/hard\libnosys.a(_exit.o)
